  ▲ Next.js 14.2.3
  - Local:        http://localhost:3000

 ✓ Starting...
 ✓ Ready in 32.8s
 ○ Compiling /login ...
 ✓ Compiled /login in 33.9s (836 modules)
 GET /login 200 in 35993ms
 ✓ Compiled in 3.3s (363 modules)
 ✓ Compiled in 1195ms (349 modules)
 ○ Compiling / ...
 ✓ Compiled / in 1201ms (819 modules)
 GET / 200 in 1892ms
 ○ Compiling /favicon.ico ...
 ✓ Compiled /favicon.ico in 1103ms (498 modules)
 GET /favicon.ico 200 in 1296ms
 GET /favicon.ico 200 in 18ms
 GET /favicon.ico 200 in 21ms
 ○ Compiling /register ...
 ✓ Compiled /register in 889ms (854 modules)
 ✓ Compiled /login in 349ms (505 modules)
 ○ Compiling /dashboard ...
 ✓ Compiled /dashboard in 2.7s (908 modules)
 GET /favicon.ico 200 in 88ms
 ○ Compiling /service-requests ...
 ✓ Compiled /service-requests in 754ms (920 modules)
 ○ Compiling /jobs ...
 ✓ Compiled /jobs in 1274ms (928 modules)
 ○ Compiling /reviews ...
 ✓ Compiled /reviews in 1093ms (936 modules)
 ○ Compiling /contracts ...
 ✓ Compiled /contracts in 936ms (944 modules)
 ○ Compiling /quotations ...
 ✓ Compiled /quotations in 905ms (954 modules)
 ○ Compiling /providers ...
 ✓ Compiled /providers in 901ms (966 modules)
 ○ Compiling /facilities ...
 ✓ Compiled /facilities in 951ms (980 modules)
 ○ Compiling /settings ...
 ✓ Compiled /settings in 2.5s (929 modules)
 ○ Compiling /invoices ...
 ✓ Compiled /invoices in 1029ms (917 modules)
